// Jest Snapshot v1, https://goo.gl/fbAQLP

exports[`Room component Should have navigation button and text 1`] = `
<div>
  <div
    data-testid="/room-screen/"
  >
    <h1>
      Room
    </h1>
    <div
      class="button-container"
    >
      <button>
        Prev
      </button>
      <button
        disabled=""
      >
        Next
      </button>
    </div>
  </div>
</div>
`;
